// Jest Snapshot v1, https://goo.gl/fbAQLP

exports[`renders snapshot as expected 1`] = `
<div
  style={
    Object {
      "display": "flex",
      "flexWrap": "wrap",
      "width": "100%",
    }
  }
>
  <button
    act_status={false}
    onClick={[Function]}
    style={
      Object {
        "background": "rgba(48, 188, 237, .4)",
        "border": "none",
        "borderRadius": "6px",
        "cursor": "pointer",
        "height": "150px",
        "margin": "2px",
        "width": "150px",
      }
    }
    type="button"
  />
  <button
    act_status={false}
    onClick={[Function]}
    style={
      Object {
        "background": "rgba(48, 188, 237, .4)",
        "border": "none",
        "borderRadius": "6px",
        "cursor": "pointer",
        "height": "150px",
        "margin": "2px",
        "width": "150px",
      }
    }
    type="button"
  />
  <button
    act_status={false}
    onClick={[Function]}
    style={
      Object {
        "background": "rgba(48, 188, 237, .4)",
        "border": "none",
        "borderRadius": "6px",
        "cursor": "pointer",
        "height": "150px",
        "margin": "2px",
        "width": "150px",
      }
    }
    type="button"
  />
  <button
    act_status={false}
    onClick={[Function]}
    style={
      Object {
        "background": "rgba(48, 188, 237, .4)",
        "border": "none",
        "borderRadius": "6px",
        "cursor": "pointer",
        "height": "150px",
        "margin": "2px",
        "width": "150px",
      }
    }
    type="button"
  />
  <button
    act_status={false}
    onClick={[Function]}
    style={
      Object {
        "background": "rgba(48, 188, 237, .4)",
        "border": "none",
        "borderRadius": "6px",
        "cursor": "pointer",
        "height": "150px",
        "margin": "2px",
        "width": "150px",
      }
    }
    type="button"
  />
  <button
    act_status={false}
    onClick={[Function]}
    style={
      Object {
        "background": "rgba(48, 188, 237, .4)",
        "border": "none",
        "borderRadius": "6px",
        "cursor": "pointer",
        "height": "150px",
        "margin": "2px",
        "width": "150px",
      }
    }
    type="button"
  />
  <button
    act_status={false}
    onClick={[Function]}
    style={
      Object {
        "background": "rgba(48, 188, 237, .4)",
        "border": "none",
        "borderRadius": "6px",
        "cursor": "pointer",
        "height": "150px",
        "margin": "2px",
        "width": "150px",
      }
    }
    type="button"
  />
  <button
    act_status={false}
    onClick={[Function]}
    style={
      Object {
        "background": "rgba(48, 188, 237, .4)",
        "border": "none",
        "borderRadius": "6px",
        "cursor": "pointer",
        "height": "150px",
        "margin": "2px",
        "width": "150px",
      }
    }
    type="button"
  />
  <button
    act_status={false}
    onClick={[Function]}
    style={
      Object {
        "background": "rgba(48, 188, 237, .4)",
        "border": "none",
        "borderRadius": "6px",
        "cursor": "pointer",
        "height": "150px",
        "margin": "2px",
        "width": "150px",
      }
    }
    type="button"
  />
</div>
`;
