// Jest Snapshot v1, https://goo.gl/fbAQLP

exports[`renders snapshot as expected 1`] = `
<div
  className="App"
>
  <div
    style={
      Object {
        "alignItems": "flex-end",
        "background": "#79b8ff",
        "display": "flex",
        "justifyContent": "space-between",
        "margin": "0 0 80px 0",
        "padding": "20px 40px",
      }
    }
  >
    <h1
      style={
        Object {
          "fontFamily": "'Rubik', sans-serif",
          "fontSize": "26px",
          "fontWeight": "500",
          "letterSpacing": "1px",
        }
      }
    >
      <a
        className="hover-grow"
        href="/"
        onClick={[Function]}
        style={
          Object {
            "color": "#f1f8ff",
          }
        }
      >
        Flexbox Generator
      </a>
    </h1>
    <div
      style={
        Object {
          "alignItems": "flex-end",
          "display": "flex",
        }
      }
    >
      <a
        className="hover-grow"
        href="/about"
        onClick={[Function]}
        style={
          Object {
            "color": "#f1f8ff",
            "fontFamily": "'Rubik', sans-serif",
            "fontSize": "16px",
            "letterSpacing": "1px",
            "padding": "0 20px",
          }
        }
      >
        About
      </a>
      <a
        className="hover-grow"
        href="/"
        onClick={[Function]}
        style={
          Object {
            "color": "#f1f8ff",
            "fontFamily": "'Rubik', sans-serif",
            "fontSize": "16px",
            "letterSpacing": "1px",
            "padding": "0 20px",
          }
        }
      >
        Generator
      </a>
      <a
        className="hover-grow"
        href="/"
        onClick={[Function]}
        style={
          Object {
            "color": "#f1f8ff",
            "fontFamily": "'Rubik', sans-serif",
            "fontSize": "16px",
            "letterSpacing": "1px",
            "padding": "0 20px",
          }
        }
      >
        Home
      </a>
      <a
        className="hover-grow"
        href="/"
        onClick={[Function]}
        style={
          Object {
            "color": "#f1f8ff",
            "fontFamily": "'Rubik', sans-serif",
            "fontSize": "16px",
            "letterSpacing": "1px",
            "padding": "0 20px",
          }
        }
      >
        Assessments
      </a>
      <a
        className="hover-grow"
        href="/"
        onClick={[Function]}
        style={
          Object {
            "color": "#f1f8ff",
            "fontFamily": "'Rubik', sans-serif",
            "fontSize": "16px",
            "letterSpacing": "1px",
            "padding": "0 20px",
          }
        }
      >
        UI Challenges
      </a>
    </div>
  </div>
  <div
    style={
      Object {
        "display": "flex",
        "margin": "120px 0",
      }
    }
  >
    <div
      style={
        Object {
          "width": "10%",
        }
      }
    />
    <div
      style={
        Object {
          "width": "80%",
        }
      }
    >
      <main
        style={
          Object {
            "width": "100%",
          }
        }
      >
        <div
          style={
            Object {
              "display": "flex",
            }
          }
        >
          <div
            style={
              Object {
                "width": "50%",
              }
            }
          >
            <section
              className="blankslate"
              style={
                Object {
                  "background": "#eee",
                  "display": "flex",
                  "flexDirection": "column",
                  "height": "450px",
                  "overflowY": "scroll",
                  "position": "relative",
                  "width": "100%",
                }
              }
            >
              <div
                style={
                  Object {
                    "alignItems": "center",
                    "display": "flex",
                    "height": "100%",
                    "justifyContent": "center",
                  }
                }
              >
                <div
                  className="hover-grow"
                  style={
                    Object {
                      "alignItems": "center",
                      "display": "flex",
                      "justifyContent": "center",
                    }
                  }
                >
                  <h2
                    style={
                      Object {
                        "fontFamily": "\\"Rubik\\", sans-serif",
                      }
                    }
                  >
                    Try me!
                  </h2>
                  <svg
                    aria-hidden="true"
                    className="octicon"
                    dangerouslySetInnerHTML={
                      Object {
                        "__html": "<path fill-rule=\\"evenodd\\" d=\\"M13.22 19.03a.75.75 0 001.06 0l6.25-6.25a.75.75 0 000-1.06l-6.25-6.25a.75.75 0 10-1.06 1.06l4.97 4.97H3.75a.75.75 0 000 1.5h14.44l-4.97 4.97a.75.75 0 000 1.06z\\"></path>",
                      }
                    }
                    fill="currentColor"
                    height={60}
                    role="img"
                    style={
                      Object {
                        "display": "inline-block",
                        "userSelect": "none",
                        "verticalAlign": "text-bottom",
                      }
                    }
                    viewBox="0 0 24 24"
                    width={60}
                  />
                </div>
              </div>
            </section>
          </div>
          <div
            style={
              Object {
                "height": "450px",
                "margin": "0 40px",
                "width": "50%",
              }
            }
          >
            <div
              style={
                Object {
                  "display": "flex",
                  "flexWrap": "wrap",
                  "height": "100%",
                  "width": "100%",
                }
              }
            >
              <span
                class="Progress Progress--large"
              >
                <span
                  class="Progress-item bg-green"
                  style={
                    Object {
                      "width": "100%",
                    }
                  }
                />
              </span>
              <button
                act_status={false}
                className="hover-grow"
                onClick={[Function]}
                style={
                  Object {
                    "background": "#c8e1ff",
                    "border": "none",
                    "borderRadius": "6px",
                    "cursor": "pointer",
                    "height": "32%",
                    "margin": "2px",
                    "width": "32%",
                  }
                }
                type="button"
              />
              <button
                act_status={false}
                className="hover-grow"
                onClick={[Function]}
                style={
                  Object {
                    "background": "#c8e1ff",
                    "border": "none",
                    "borderRadius": "6px",
                    "cursor": "pointer",
                    "height": "32%",
                    "margin": "2px",
                    "width": "32%",
                  }
                }
                type="button"
              />
              <button
                act_status={false}
                className="hover-grow"
                onClick={[Function]}
                style={
                  Object {
                    "background": "#c8e1ff",
                    "border": "none",
                    "borderRadius": "6px",
                    "cursor": "pointer",
                    "height": "32%",
                    "margin": "2px",
                    "width": "32%",
                  }
                }
                type="button"
              />
              <button
                act_status={false}
                className="hover-grow"
                onClick={[Function]}
                style={
                  Object {
                    "background": "#c8e1ff",
                    "border": "none",
                    "borderRadius": "6px",
                    "cursor": "pointer",
                    "height": "32%",
                    "margin": "2px",
                    "width": "32%",
                  }
                }
                type="button"
              />
              <button
                act_status={false}
                className="hover-grow"
                onClick={[Function]}
                style={
                  Object {
                    "background": "#c8e1ff",
                    "border": "none",
                    "borderRadius": "6px",
                    "cursor": "pointer",
                    "height": "32%",
                    "margin": "2px",
                    "width": "32%",
                  }
                }
                type="button"
              />
              <button
                act_status={false}
                className="hover-grow"
                onClick={[Function]}
                style={
                  Object {
                    "background": "#c8e1ff",
                    "border": "none",
                    "borderRadius": "6px",
                    "cursor": "pointer",
                    "height": "32%",
                    "margin": "2px",
                    "width": "32%",
                  }
                }
                type="button"
              />
              <button
                act_status={false}
                className="hover-grow"
                onClick={[Function]}
                style={
                  Object {
                    "background": "#c8e1ff",
                    "border": "none",
                    "borderRadius": "6px",
                    "cursor": "pointer",
                    "height": "32%",
                    "margin": "2px",
                    "width": "32%",
                  }
                }
                type="button"
              />
              <button
                act_status={false}
                className="hover-grow"
                onClick={[Function]}
                style={
                  Object {
                    "background": "#c8e1ff",
                    "border": "none",
                    "borderRadius": "6px",
                    "cursor": "pointer",
                    "height": "32%",
                    "margin": "2px",
                    "width": "32%",
                  }
                }
                type="button"
              />
              <button
                act_status={false}
                className="hover-grow"
                onClick={[Function]}
                style={
                  Object {
                    "background": "#c8e1ff",
                    "border": "none",
                    "borderRadius": "6px",
                    "cursor": "pointer",
                    "height": "32%",
                    "margin": "2px",
                    "width": "32%",
                  }
                }
                type="button"
              />
            </div>
          </div>
        </div>
      </main>
    </div>
    <div
      style={
        Object {
          "width": "10%",
        }
      }
    />
  </div>
  <footer
    style={
      Object {
        "marginTop": "40px",
        "padding": "40px 0",
      }
    }
  >
    <section
      style={
        Object {
          "alignItems": "flex-start",
          "borderTop": "1px solid #000",
          "display": "flex",
          "justifyContent": "flex-end",
          "marginBottom": "60px",
          "paddingTop": "20px",
        }
      }
    >
      <div
        style={
          Object {
            "display": "flex",
            "flexDirection": "column",
            "width": "20%",
          }
        }
      >
        <h2
          style={
            Object {
              "marginBottom": "20px",
            }
          }
        >
          Flexbox
        </h2>
        <a
          href="/about"
          onClick={[Function]}
          style={
            Object {
              "fontFamily": "'Rubik', sans-serif",
              "letterSpacing": "1px",
              "lineHeight": "28px",
            }
          }
        >
           
          About
        </a>
        <a
          href="/assessments"
          onClick={[Function]}
          style={
            Object {
              "fontFamily": "'Rubik', sans-serif",
              "letterSpacing": "1px",
              "lineHeight": "28px",
            }
          }
        >
           
          Assessments
        </a>
        <a
          href="/"
          onClick={[Function]}
          style={
            Object {
              "fontFamily": "'Rubik', sans-serif",
              "letterSpacing": "1px",
              "lineHeight": "28px",
            }
          }
        >
           
          Generator
        </a>
        <a
          href="/challenges"
          onClick={[Function]}
          style={
            Object {
              "fontFamily": "'Rubik', sans-serif",
              "letterSpacing": "1px",
              "lineHeight": "28px",
            }
          }
        >
           
          UI Challenges
        </a>
      </div>
      <div
        style={
          Object {
            "alignItems": "flex-end",
            "display": "flex",
            "width": "40%",
          }
        }
      >
        <div
          style={
            Object {
              "display": "flex",
              "flexDirection": "column",
              "width": "50%",
            }
          }
        >
          <h2
            style={
              Object {
                "marginBottom": "20px",
              }
            }
          >
            Get In Touch
          </h2>
          <a
            href="/subscribe"
            onClick={[Function]}
            style={
              Object {
                "fontFamily": "'Rubik', sans-serif",
                "letterSpacing": "1px",
                "lineHeight": "28px",
              }
            }
          >
             
            Subscribe
          </a>
          <a
            href="/login"
            onClick={[Function]}
            style={
              Object {
                "fontFamily": "'Rubik', sans-serif",
                "letterSpacing": "1px",
                "lineHeight": "28px",
              }
            }
          >
             
            Log in / Sign up
          </a>
          <a
            href="/support"
            onClick={[Function]}
            style={
              Object {
                "fontFamily": "'Rubik', sans-serif",
                "letterSpacing": "1px",
                "lineHeight": "28px",
              }
            }
          >
             
            Support
          </a>
        </div>
        <div
          style={
            Object {
              "display": "flex",
              "flexDirection": "column",
              "width": "20%",
            }
          }
        >
          <a
            href="/https://github.com/hi-matbub/flexbox/blob/master/CONTRIBUTING.md"
            onClick={[Function]}
            style={
              Object {
                "fontFamily": "'Rubik', sans-serif",
                "letterSpacing": "1px",
                "lineHeight": "28px",
              }
            }
          >
             
            Contributing
          </a>
          <a
            href="/https://github.com/hi-matbub/flexbox/blob/master/LICENSE"
            onClick={[Function]}
            style={
              Object {
                "fontFamily": "'Rubik', sans-serif",
                "letterSpacing": "1px",
                "lineHeight": "28px",
              }
            }
          >
             
            License
          </a>
          <a
            href="/https://github.com/hi-matbub/flexbox/issues"
            onClick={[Function]}
            style={
              Object {
                "fontFamily": "'Rubik', sans-serif",
                "letterSpacing": "1px",
                "lineHeight": "28px",
              }
            }
          >
             
            Report a bug
          </a>
        </div>
      </div>
    </section>
    <div
      style={
        Object {
          "alignItems": "center",
          "display": "flex",
          "flexDirection": "column",
          "justifyContent": "center",
        }
      }
    >
      <small
        style={
          Object {
            "fontFamily": "'Rubik', sans-serif",
          }
        }
      >
        <i>
          © 
          2020
            |   
          say
          <a
            href="mailto:hi@matbub.co"
            rel="noopener noreferrer"
            target="_blank"
          >
             
            hi-matbub
          </a>
        </i>
      </small>
      <img
        alt="build status"
        src="https://travis-ci.com/hi-matbub/flexbox.svg?branch=master"
        style={
          Object {
            "marginTop": "20px",
          }
        }
      />
    </div>
  </footer>
</div>
`;
