// Jest Snapshot v1, https://goo.gl/fbAQLP

exports[`renders snapshot as expected 1`] = `
<div
  className="App"
>
  <main
    className="main"
  >
    <header
      className="header"
    >
      <div
        className="col col-cont"
      >
        <div
          className="lfb-cont"
        >
          <span
            className="learnflexbox"
          >
            #
            <h1>
              learn
              <span>
                flexbox
              </span>
            </h1>
          </span>
          <p
            className="alt-text hw"
          >
            Subscribe for 30 days of Wire-framing Challenges.
          </p>
          <div
            id="mc_embed_signup"
          >
            <form
              action="https://matbub.us17.list-manage.com/subscribe/post?u=eb89624098c8ce40b7f3b26ef&id=909f807d9f"
              className="validate"
              id="mc-embedded-subscribe-form"
              method="post"
              name="mc-embedded-subscribe-form"
              noValidate={true}
              target="_blank"
            >
              <div
                className="form-cont"
              >
                <input
                  aria-label="Repository description"
                  className="email"
                  defaultValue=""
                  id="mce-EMAIL"
                  name="EMAIL"
                  placeholder="e.g. hi@matbub.co"
                  style={
                    Object {
                      "border": 0,
                    }
                  }
                  type="email"
                />
                <div
                  className="clear"
                  id="mce-responses"
                >
                  <div
                    className="response"
                    id="mce-error-response"
                    style={
                      Object {
                        "display": "none",
                      }
                    }
                  />
                  <div
                    className="response"
                    id="mce-success-response"
                    style={
                      Object {
                        "display": "none",
                      }
                    }
                  />
                </div>
                <button
                  className="button"
                  id="mc-embedded-subscribe"
                  name="subscribe"
                  type="submit"
                >
                  Subscribe
                </button>
              </div>
            </form>
          </div>
        </div>
      </div>
      <div
        className="col col-char"
      >
        <img
          alt="character"
          className="char"
          src="char-001.svg"
        />
      </div>
    </header>
    <div
      className="control_panel_wrapper"
    >
      <div
        className="control_panel"
        style={
          Object {
            "backgroundImage": "url(bg01.svg)",
          }
        }
      >
        <div
          className="protip-col"
        >
          <div
            className="pro-tips-col"
          >
            <span
              style={
                Object {
                  "alignItems": "center",
                  "display": "flex",
                  "marginBottom": "16px",
                  "marginLeft": "12px",
                }
              }
            >
              <img
                alt="light bulb"
                src="light.svg"
              />
              <h2
                style={
                  Object {
                    "fontSize": "24px",
                    "fontWeight": "bold",
                    "marginLeft": "12px",
                  }
                }
              >
                Pro Tips
              </h2>
            </span>
            <div
              className="pt-co fadedScroller"
            >
              <div
                className="protip_i"
              >
                <div
                  className="check_box"
                >
                  <img
                    alt="check"
                    src="check.svg"
                  />
                </div>
                <div
                  style={
                    Object {
                      "display": "flex",
                      "flexDirection": "column",
                      "marginLeft": "8px",
                    }
                  }
                >
                  <span
                    className="pt-content"
                  >
                    Lorem ipsum dolor sit amet, consectetur adipiscing elit.
                  </span>
                  <span
                    style={
                      Object {
                        "fontSize": "12px",
                        "marginTop": "6px",
                      }
                    }
                  >
                    hi-matbub
                  </span>
                </div>
              </div>
              <div
                className="protip_i"
              >
                <div
                  className="check_box"
                >
                  <img
                    alt="check"
                    src="check.svg"
                  />
                </div>
                <div
                  style={
                    Object {
                      "display": "flex",
                      "flexDirection": "column",
                      "marginLeft": "8px",
                    }
                  }
                >
                  <span
                    className="pt-content"
                  >
                    Lorem ipsum dolor sit amet, consectetur adipiscing elit.
                  </span>
                  <span
                    style={
                      Object {
                        "fontSize": "12px",
                        "marginTop": "6px",
                      }
                    }
                  >
                    hi-matbub
                  </span>
                </div>
              </div>
              <div
                className="protip_i"
              >
                <div
                  className="check_box"
                >
                  <img
                    alt="check"
                    src="check.svg"
                  />
                </div>
                <div
                  style={
                    Object {
                      "display": "flex",
                      "flexDirection": "column",
                      "marginLeft": "8px",
                    }
                  }
                >
                  <span
                    className="pt-content"
                  >
                    Lorem ipsum dolor sit amet, consectetur adipiscing elit.
                  </span>
                  <span
                    style={
                      Object {
                        "fontSize": "12px",
                        "marginTop": "6px",
                      }
                    }
                  >
                    hi-matbub
                  </span>
                </div>
              </div>
              <div
                className="protip_i"
              >
                <div
                  className="check_box"
                >
                  <img
                    alt="check"
                    src="check.svg"
                  />
                </div>
                <div
                  style={
                    Object {
                      "display": "flex",
                      "flexDirection": "column",
                      "marginLeft": "8px",
                    }
                  }
                >
                  <span
                    className="pt-content"
                  >
                    Lorem ipsum dolor sit amet, consectetur adipiscing elit.
                  </span>
                  <span
                    style={
                      Object {
                        "fontSize": "12px",
                        "marginTop": "6px",
                      }
                    }
                  >
                    hi-matbub
                  </span>
                </div>
              </div>
              <div
                className="protip_i"
              >
                <div
                  className="check_box"
                >
                  <img
                    alt="check"
                    src="check.svg"
                  />
                </div>
                <div
                  style={
                    Object {
                      "display": "flex",
                      "flexDirection": "column",
                      "marginLeft": "8px",
                    }
                  }
                >
                  <span
                    className="pt-content"
                  >
                    Lorem ipsum dolor sit amet, consectetur adipiscing elit.
                  </span>
                  <span
                    style={
                      Object {
                        "fontSize": "12px",
                        "marginTop": "6px",
                      }
                    }
                  >
                    hi-matbub
                  </span>
                </div>
              </div>
              <div
                className="protip_i"
              >
                <div
                  className="check_box"
                >
                  <img
                    alt="check"
                    src="check.svg"
                  />
                </div>
                <div
                  style={
                    Object {
                      "display": "flex",
                      "flexDirection": "column",
                      "marginLeft": "8px",
                    }
                  }
                >
                  <span
                    className="pt-content"
                  >
                    Lorem ipsum dolor sit amet, consectetur adipiscing elit.
                  </span>
                  <span
                    style={
                      Object {
                        "fontSize": "12px",
                        "marginTop": "6px",
                      }
                    }
                  >
                    hi-matbub
                  </span>
                </div>
              </div>
              <div
                className="protip_i"
              >
                <div
                  className="check_box"
                >
                  <img
                    alt="check"
                    src="check.svg"
                  />
                </div>
                <div
                  style={
                    Object {
                      "display": "flex",
                      "flexDirection": "column",
                      "marginLeft": "8px",
                    }
                  }
                >
                  <span
                    className="pt-content"
                  >
                    Lorem ipsum dolor sit amet, consectetur adipiscing elit.
                  </span>
                  <span
                    style={
                      Object {
                        "fontSize": "12px",
                        "marginTop": "6px",
                      }
                    }
                  >
                    hi-matbub
                  </span>
                </div>
              </div>
              <div
                className="protip_i"
              >
                <div
                  className="check_box"
                >
                  <img
                    alt="check"
                    src="check.svg"
                  />
                </div>
                <div
                  style={
                    Object {
                      "display": "flex",
                      "flexDirection": "column",
                      "marginLeft": "8px",
                    }
                  }
                >
                  <span
                    className="pt-content"
                  >
                    Lorem ipsum dolor sit amet, consectetur adipiscing elit.
                  </span>
                  <span
                    style={
                      Object {
                        "fontSize": "12px",
                        "marginTop": "6px",
                      }
                    }
                  >
                    hi-matbub
                  </span>
                </div>
              </div>
              <div
                className="protip_i"
              >
                <div
                  className="check_box"
                >
                  <img
                    alt="check"
                    src="check.svg"
                  />
                </div>
                <div
                  style={
                    Object {
                      "display": "flex",
                      "flexDirection": "column",
                      "marginLeft": "8px",
                    }
                  }
                >
                  <span
                    className="pt-content"
                  >
                    Lorem ipsum dolor sit amet, consectetur adipiscing elit.
                  </span>
                  <span
                    style={
                      Object {
                        "fontSize": "12px",
                        "marginTop": "6px",
                      }
                    }
                  >
                    hi-matbub
                  </span>
                </div>
              </div>
              <div
                className="protip_i"
              >
                <div
                  className="check_box"
                >
                  <img
                    alt="check"
                    src="check.svg"
                  />
                </div>
                <div
                  style={
                    Object {
                      "display": "flex",
                      "flexDirection": "column",
                      "marginLeft": "8px",
                    }
                  }
                >
                  <span
                    className="pt-content"
                  >
                    Lorem ipsum dolor sit amet, consectetur adipiscing elit.
                  </span>
                  <span
                    style={
                      Object {
                        "fontSize": "12px",
                        "marginTop": "6px",
                      }
                    }
                  >
                    hi-matbub
                  </span>
                </div>
              </div>
            </div>
            <div
              className="fadedScroller_fade"
            />
          </div>
        </div>
        <div
          className="control"
        >
          <button
            act_status={false}
            className="hover-grow control_switch"
            onClick={[Function]}
            style={
              Object {
                "border": "none",
                "borderRadius": "6px",
                "cursor": "pointer",
                "margin": "2px",
              }
            }
            type="button"
          />
          <button
            act_status={false}
            className="hover-grow control_switch"
            onClick={[Function]}
            style={
              Object {
                "border": "none",
                "borderRadius": "6px",
                "cursor": "pointer",
                "margin": "2px",
              }
            }
            type="button"
          />
          <button
            act_status={false}
            className="hover-grow control_switch"
            onClick={[Function]}
            style={
              Object {
                "border": "none",
                "borderRadius": "6px",
                "cursor": "pointer",
                "margin": "2px",
              }
            }
            type="button"
          />
          <button
            act_status={false}
            className="hover-grow control_switch"
            onClick={[Function]}
            style={
              Object {
                "border": "none",
                "borderRadius": "6px",
                "cursor": "pointer",
                "margin": "2px",
              }
            }
            type="button"
          />
          <button
            act_status={false}
            className="hover-grow control_switch"
            onClick={[Function]}
            style={
              Object {
                "border": "none",
                "borderRadius": "6px",
                "cursor": "pointer",
                "margin": "2px",
              }
            }
            type="button"
          />
          <button
            act_status={false}
            className="hover-grow control_switch"
            onClick={[Function]}
            style={
              Object {
                "border": "none",
                "borderRadius": "6px",
                "cursor": "pointer",
                "margin": "2px",
              }
            }
            type="button"
          />
          <button
            act_status={false}
            className="hover-grow control_switch"
            onClick={[Function]}
            style={
              Object {
                "border": "none",
                "borderRadius": "6px",
                "cursor": "pointer",
                "margin": "2px",
              }
            }
            type="button"
          />
          <button
            act_status={false}
            className="hover-grow control_switch"
            onClick={[Function]}
            style={
              Object {
                "border": "none",
                "borderRadius": "6px",
                "cursor": "pointer",
                "margin": "2px",
              }
            }
            type="button"
          />
          <button
            act_status={false}
            className="hover-grow control_switch"
            onClick={[Function]}
            style={
              Object {
                "border": "none",
                "borderRadius": "6px",
                "cursor": "pointer",
                "margin": "2px",
              }
            }
            type="button"
          />
        </div>
      </div>
    </div>
    <div
      className="landing-footer"
    >
      <div
        className="footer-img"
      >
        <img
          alt="char"
          src="char-002.svg"
        />
      </div>
    </div>
  </main>
</div>
`;
