// Jest Snapshot v1, https://goo.gl/fbAQLP

exports[`renders snapshot as expected 1`] = `
<div
  className="App"
>
  <header
    className="page-head"
  >
    <h1
      className="page-title"
    >
      <a
        className="hover-grow"
        href="/"
        onClick={[Function]}
        style={
          Object {
            "color": "#f1f8ff",
          }
        }
      >
        Learn Flexbox
      </a>
    </h1>
    <div
      style={
        Object {
          "alignItems": "flex-end",
          "display": "flex",
        }
      }
    >
      <a
        className="hover-grow header-link"
        href="/"
        onClick={[Function]}
      >
        Generator
      </a>
      <a
        className="hover-grow header-link"
        href="/challenges"
        onClick={[Function]}
      >
        UI Challenges
      </a>
    </div>
  </header>
  <div
    style={
      Object {
        "display": "flex",
        "margin": "120px 0",
      }
    }
  >
    <div
      style={
        Object {
          "width": "10%",
        }
      }
    />
    <div
      style={
        Object {
          "width": "80%",
        }
      }
    >
      <main
        style={
          Object {
            "width": "100%",
          }
        }
      >
        <div
          className="layout"
        >
          <div
            className="cb-pre"
          >
            <section
              className="blankslate"
              style={
                Object {
                  "background": "#eee",
                  "borderRadius": "6px",
                  "display": "flex",
                  "flexDirection": "column",
                  "height": "450px",
                  "overflowY": "scroll",
                  "position": "relative",
                  "width": "100%",
                }
              }
            >
              <div
                style={
                  Object {
                    "alignItems": "center",
                    "display": "flex",
                    "height": "100%",
                    "justifyContent": "center",
                  }
                }
              >
                <div
                  className="hover-grow"
                  style={
                    Object {
                      "alignItems": "center",
                      "display": "flex",
                      "justifyContent": "center",
                    }
                  }
                >
                  <h2
                    style={
                      Object {
                        "fontFamily": "\\"Rubik\\", sans-serif",
                      }
                    }
                  >
                    Try me!
                  </h2>
                  <svg
                    aria-hidden="true"
                    className="octicon"
                    dangerouslySetInnerHTML={
                      Object {
                        "__html": "<path fill-rule=\\"evenodd\\" d=\\"M13.22 19.03a.75.75 0 001.06 0l6.25-6.25a.75.75 0 000-1.06l-6.25-6.25a.75.75 0 10-1.06 1.06l4.97 4.97H3.75a.75.75 0 000 1.5h14.44l-4.97 4.97a.75.75 0 000 1.06z\\"></path>",
                      }
                    }
                    fill="currentColor"
                    height={60}
                    role="img"
                    style={
                      Object {
                        "display": "inline-block",
                        "userSelect": "none",
                        "verticalAlign": "text-bottom",
                      }
                    }
                    viewBox="0 0 24 24"
                    width={60}
                  />
                </div>
              </div>
            </section>
          </div>
          <div
            className="cb-con control"
          >
            <button
              act_status={false}
              className="hover-grow"
              onClick={[Function]}
              style={
                Object {
                  "background": "#c8e1ff",
                  "border": "none",
                  "borderRadius": "6px",
                  "cursor": "pointer",
                  "height": "32%",
                  "margin": "2px",
                  "width": "32%",
                }
              }
              type="button"
            />
            <button
              act_status={false}
              className="hover-grow"
              onClick={[Function]}
              style={
                Object {
                  "background": "#c8e1ff",
                  "border": "none",
                  "borderRadius": "6px",
                  "cursor": "pointer",
                  "height": "32%",
                  "margin": "2px",
                  "width": "32%",
                }
              }
              type="button"
            />
            <button
              act_status={false}
              className="hover-grow"
              onClick={[Function]}
              style={
                Object {
                  "background": "#c8e1ff",
                  "border": "none",
                  "borderRadius": "6px",
                  "cursor": "pointer",
                  "height": "32%",
                  "margin": "2px",
                  "width": "32%",
                }
              }
              type="button"
            />
            <button
              act_status={false}
              className="hover-grow"
              onClick={[Function]}
              style={
                Object {
                  "background": "#c8e1ff",
                  "border": "none",
                  "borderRadius": "6px",
                  "cursor": "pointer",
                  "height": "32%",
                  "margin": "2px",
                  "width": "32%",
                }
              }
              type="button"
            />
            <button
              act_status={false}
              className="hover-grow"
              onClick={[Function]}
              style={
                Object {
                  "background": "#c8e1ff",
                  "border": "none",
                  "borderRadius": "6px",
                  "cursor": "pointer",
                  "height": "32%",
                  "margin": "2px",
                  "width": "32%",
                }
              }
              type="button"
            />
            <button
              act_status={false}
              className="hover-grow"
              onClick={[Function]}
              style={
                Object {
                  "background": "#c8e1ff",
                  "border": "none",
                  "borderRadius": "6px",
                  "cursor": "pointer",
                  "height": "32%",
                  "margin": "2px",
                  "width": "32%",
                }
              }
              type="button"
            />
            <button
              act_status={false}
              className="hover-grow"
              onClick={[Function]}
              style={
                Object {
                  "background": "#c8e1ff",
                  "border": "none",
                  "borderRadius": "6px",
                  "cursor": "pointer",
                  "height": "32%",
                  "margin": "2px",
                  "width": "32%",
                }
              }
              type="button"
            />
            <button
              act_status={false}
              className="hover-grow"
              onClick={[Function]}
              style={
                Object {
                  "background": "#c8e1ff",
                  "border": "none",
                  "borderRadius": "6px",
                  "cursor": "pointer",
                  "height": "32%",
                  "margin": "2px",
                  "width": "32%",
                }
              }
              type="button"
            />
            <button
              act_status={false}
              className="hover-grow"
              onClick={[Function]}
              style={
                Object {
                  "background": "#c8e1ff",
                  "border": "none",
                  "borderRadius": "6px",
                  "cursor": "pointer",
                  "height": "32%",
                  "margin": "2px",
                  "width": "32%",
                }
              }
              type="button"
            />
          </div>
        </div>
      </main>
    </div>
    <div
      style={
        Object {
          "width": "10%",
        }
      }
    />
  </div>
  <footer
    style={
      Object {
        "marginTop": "40px",
        "padding": "40px 0",
      }
    }
  >
    <section
      className="footer-cont"
    >
      <div>
        <h2
          style={
            Object {
              "marginBottom": "20px",
            }
          }
        >
          Learn Flexbox
        </h2>
        <a
          href="/about"
          onClick={[Function]}
          style={
            Object {
              "fontFamily": "'Rubik', sans-serif",
              "letterSpacing": "1px",
              "lineHeight": "28px",
            }
          }
        >
           
          About
        </a>
        <a
          href="/"
          onClick={[Function]}
          style={
            Object {
              "fontFamily": "'Rubik', sans-serif",
              "letterSpacing": "1px",
              "lineHeight": "28px",
            }
          }
        >
           
          Generator
        </a>
        <a
          href="/challenges"
          onClick={[Function]}
          style={
            Object {
              "fontFamily": "'Rubik', sans-serif",
              "letterSpacing": "1px",
              "lineHeight": "28px",
            }
          }
        >
           
          UI Challenges
        </a>
      </div>
      <div>
        <h2
          style={
            Object {
              "marginBottom": "20px",
            }
          }
        >
          Get In Touch
        </h2>
        <a
          href="/subscribe"
          onClick={[Function]}
          style={
            Object {
              "fontFamily": "'Rubik', sans-serif",
              "letterSpacing": "1px",
              "lineHeight": "28px",
            }
          }
        >
           
          Subscribe
        </a>
        <a
          href="/contribute"
          onClick={[Function]}
          style={
            Object {
              "fontFamily": "'Rubik', sans-serif",
              "letterSpacing": "1px",
              "lineHeight": "28px",
            }
          }
        >
           
          Contribute
        </a>
        <a
          href="/license"
          onClick={[Function]}
          style={
            Object {
              "fontFamily": "'Rubik', sans-serif",
              "letterSpacing": "1px",
              "lineHeight": "28px",
            }
          }
        >
           
          License
        </a>
        <a
          href="/report"
          onClick={[Function]}
          style={
            Object {
              "fontFamily": "'Rubik', sans-serif",
              "letterSpacing": "1px",
              "lineHeight": "28px",
            }
          }
        >
           
          Report a bug
        </a>
      </div>
    </section>
    <div
      style={
        Object {
          "alignItems": "center",
          "display": "flex",
          "flexDirection": "column",
          "justifyContent": "center",
        }
      }
    >
      <small
        style={
          Object {
            "fontFamily": "'Rubik', sans-serif",
          }
        }
      >
        <i>
          © 
          2020
            |   
          say
          <a
            href="https://www.buymeacoffee.com/himatbub"
            rel="noopener noreferrer"
            target="_blank"
          >
             
            hi-matbub
          </a>
        </i>
      </small>
      <img
        alt="build status"
        src="https://travis-ci.com/hi-matbub/learnflexbox.svg?branch=master"
        style={
          Object {
            "marginTop": "20px",
          }
        }
      />
    </div>
  </footer>
</div>
`;
