// Jest Snapshot v1, https://goo.gl/fbAQLP

exports[`renders snapshot as expected 1`] = `
<div
  style={
    Object {
      "height": "450px",
      "margin": "0 40px",
      "width": "100%",
    }
  }
>
  <div
    style={
      Object {
        "display": "flex",
        "flexWrap": "wrap",
        "height": "100%",
        "width": "100%",
      }
    }
  >
    <span
      class="Progress Progress--large"
    >
      <span
        class="Progress-item bg-green"
        style={
          Object {
            "width": "100%",
          }
        }
      />
    </span>
    <button
      act_status={false}
      className="hover-grow"
      onClick={[Function]}
      style={
        Object {
          "background": "#c8e1ff",
          "border": "none",
          "borderRadius": "6px",
          "cursor": "pointer",
          "height": "32%",
          "margin": "2px",
          "width": "32%",
        }
      }
      type="button"
    />
    <button
      act_status={false}
      className="hover-grow"
      onClick={[Function]}
      style={
        Object {
          "background": "#c8e1ff",
          "border": "none",
          "borderRadius": "6px",
          "cursor": "pointer",
          "height": "32%",
          "margin": "2px",
          "width": "32%",
        }
      }
      type="button"
    />
    <button
      act_status={false}
      className="hover-grow"
      onClick={[Function]}
      style={
        Object {
          "background": "#c8e1ff",
          "border": "none",
          "borderRadius": "6px",
          "cursor": "pointer",
          "height": "32%",
          "margin": "2px",
          "width": "32%",
        }
      }
      type="button"
    />
    <button
      act_status={false}
      className="hover-grow"
      onClick={[Function]}
      style={
        Object {
          "background": "#c8e1ff",
          "border": "none",
          "borderRadius": "6px",
          "cursor": "pointer",
          "height": "32%",
          "margin": "2px",
          "width": "32%",
        }
      }
      type="button"
    />
    <button
      act_status={false}
      className="hover-grow"
      onClick={[Function]}
      style={
        Object {
          "background": "#c8e1ff",
          "border": "none",
          "borderRadius": "6px",
          "cursor": "pointer",
          "height": "32%",
          "margin": "2px",
          "width": "32%",
        }
      }
      type="button"
    />
    <button
      act_status={false}
      className="hover-grow"
      onClick={[Function]}
      style={
        Object {
          "background": "#c8e1ff",
          "border": "none",
          "borderRadius": "6px",
          "cursor": "pointer",
          "height": "32%",
          "margin": "2px",
          "width": "32%",
        }
      }
      type="button"
    />
    <button
      act_status={false}
      className="hover-grow"
      onClick={[Function]}
      style={
        Object {
          "background": "#c8e1ff",
          "border": "none",
          "borderRadius": "6px",
          "cursor": "pointer",
          "height": "32%",
          "margin": "2px",
          "width": "32%",
        }
      }
      type="button"
    />
    <button
      act_status={false}
      className="hover-grow"
      onClick={[Function]}
      style={
        Object {
          "background": "#c8e1ff",
          "border": "none",
          "borderRadius": "6px",
          "cursor": "pointer",
          "height": "32%",
          "margin": "2px",
          "width": "32%",
        }
      }
      type="button"
    />
    <button
      act_status={false}
      className="hover-grow"
      onClick={[Function]}
      style={
        Object {
          "background": "#c8e1ff",
          "border": "none",
          "borderRadius": "6px",
          "cursor": "pointer",
          "height": "32%",
          "margin": "2px",
          "width": "32%",
        }
      }
      type="button"
    />
  </div>
</div>
`;
