// Jest Snapshot v1, https://goo.gl/fbAQLP

exports[`renders snapshot as expected 1`] = `
<div
  className="cb-con control"
>
  <button
    act_status={false}
    className="hover-grow"
    onClick={[Function]}
    style={
      Object {
        "background": "#c8e1ff",
        "border": "none",
        "borderRadius": "6px",
        "cursor": "pointer",
        "height": "32%",
        "margin": "2px",
        "width": "32%",
      }
    }
    type="button"
  />
  <button
    act_status={false}
    className="hover-grow"
    onClick={[Function]}
    style={
      Object {
        "background": "#c8e1ff",
        "border": "none",
        "borderRadius": "6px",
        "cursor": "pointer",
        "height": "32%",
        "margin": "2px",
        "width": "32%",
      }
    }
    type="button"
  />
  <button
    act_status={false}
    className="hover-grow"
    onClick={[Function]}
    style={
      Object {
        "background": "#c8e1ff",
        "border": "none",
        "borderRadius": "6px",
        "cursor": "pointer",
        "height": "32%",
        "margin": "2px",
        "width": "32%",
      }
    }
    type="button"
  />
  <button
    act_status={false}
    className="hover-grow"
    onClick={[Function]}
    style={
      Object {
        "background": "#c8e1ff",
        "border": "none",
        "borderRadius": "6px",
        "cursor": "pointer",
        "height": "32%",
        "margin": "2px",
        "width": "32%",
      }
    }
    type="button"
  />
  <button
    act_status={false}
    className="hover-grow"
    onClick={[Function]}
    style={
      Object {
        "background": "#c8e1ff",
        "border": "none",
        "borderRadius": "6px",
        "cursor": "pointer",
        "height": "32%",
        "margin": "2px",
        "width": "32%",
      }
    }
    type="button"
  />
  <button
    act_status={false}
    className="hover-grow"
    onClick={[Function]}
    style={
      Object {
        "background": "#c8e1ff",
        "border": "none",
        "borderRadius": "6px",
        "cursor": "pointer",
        "height": "32%",
        "margin": "2px",
        "width": "32%",
      }
    }
    type="button"
  />
  <button
    act_status={false}
    className="hover-grow"
    onClick={[Function]}
    style={
      Object {
        "background": "#c8e1ff",
        "border": "none",
        "borderRadius": "6px",
        "cursor": "pointer",
        "height": "32%",
        "margin": "2px",
        "width": "32%",
      }
    }
    type="button"
  />
  <button
    act_status={false}
    className="hover-grow"
    onClick={[Function]}
    style={
      Object {
        "background": "#c8e1ff",
        "border": "none",
        "borderRadius": "6px",
        "cursor": "pointer",
        "height": "32%",
        "margin": "2px",
        "width": "32%",
      }
    }
    type="button"
  />
  <button
    act_status={false}
    className="hover-grow"
    onClick={[Function]}
    style={
      Object {
        "background": "#c8e1ff",
        "border": "none",
        "borderRadius": "6px",
        "cursor": "pointer",
        "height": "32%",
        "margin": "2px",
        "width": "32%",
      }
    }
    type="button"
  />
</div>
`;
