// Jest Snapshot v1, https://goo.gl/fbAQLP

exports[`renders snapshot as expected 1`] = `
<div
  className="control"
>
  <button
    act_status={false}
    className="control_switch"
    onClick={[Function]}
    style={
      Object {
        "background": "#c8c8c8",
        "border": "none",
        "borderRadius": "6px",
        "cursor": "pointer",
        "margin": "2px",
      }
    }
    type="button"
  />
  <button
    act_status={false}
    className="control_switch"
    onClick={[Function]}
    style={
      Object {
        "background": "#c8c8c8",
        "border": "none",
        "borderRadius": "6px",
        "cursor": "pointer",
        "margin": "2px",
      }
    }
    type="button"
  />
  <button
    act_status={false}
    className="control_switch"
    onClick={[Function]}
    style={
      Object {
        "background": "#c8c8c8",
        "border": "none",
        "borderRadius": "6px",
        "cursor": "pointer",
        "margin": "2px",
      }
    }
    type="button"
  />
  <button
    act_status={false}
    className="control_switch"
    onClick={[Function]}
    style={
      Object {
        "background": "#c8c8c8",
        "border": "none",
        "borderRadius": "6px",
        "cursor": "pointer",
        "margin": "2px",
      }
    }
    type="button"
  />
  <button
    act_status={false}
    className="control_switch"
    onClick={[Function]}
    style={
      Object {
        "background": "#c8c8c8",
        "border": "none",
        "borderRadius": "6px",
        "cursor": "pointer",
        "margin": "2px",
      }
    }
    type="button"
  />
  <button
    act_status={false}
    className="control_switch"
    onClick={[Function]}
    style={
      Object {
        "background": "#c8c8c8",
        "border": "none",
        "borderRadius": "6px",
        "cursor": "pointer",
        "margin": "2px",
      }
    }
    type="button"
  />
  <button
    act_status={false}
    className="control_switch"
    onClick={[Function]}
    style={
      Object {
        "background": "#c8c8c8",
        "border": "none",
        "borderRadius": "6px",
        "cursor": "pointer",
        "margin": "2px",
      }
    }
    type="button"
  />
  <button
    act_status={false}
    className="control_switch"
    onClick={[Function]}
    style={
      Object {
        "background": "#c8c8c8",
        "border": "none",
        "borderRadius": "6px",
        "cursor": "pointer",
        "margin": "2px",
      }
    }
    type="button"
  />
  <button
    act_status={false}
    className="control_switch"
    onClick={[Function]}
    style={
      Object {
        "background": "#c8c8c8",
        "border": "none",
        "borderRadius": "6px",
        "cursor": "pointer",
        "margin": "2px",
      }
    }
    type="button"
  />
</div>
`;
