// Jest Snapshot v1, https://goo.gl/fbAQLP

exports[`renders snapshot as expected 1`] = `
<div
  className="App"
>
  <header
    style={
      Object {
        "fontFamily": "Roboto",
        "height": "50px",
      }
    }
  >
    <h1>
      Flexbox Visualization
    </h1>
  </header>
  <h1>
    404
  </h1>
  <p>
    Whoops, that wasnt there!
  </p>
  <a
    href="/"
  >
    Go Home
  </a>
</div>
`;
