// Jest Snapshot v1, https://goo.gl/fbAQLP

exports[`renders snapshot as expected 1`] = `
<div
  className="App"
>
  <div
    className="Pagehead-r7ayx1-0 jGaMZw"
  >
    Flexbox Generator
  </div>
  <h1>
    404
  </h1>
  <p>
    Whoops, that wasnt there!
  </p>
  <a
    href="/flexbox-visualization"
  >
    Go Home
  </a>
</div>
`;
